#-----------------------------------------------------------
# Vivado v2020.2 (64-bit)
# SW Build 3064766 on Wed Nov 18 09:12:45 MST 2020
# IP Build 3064653 on Wed Nov 18 14:17:31 MST 2020
# Start of session at: Thu May 20 13:33:10 2021
# Process ID: 5392
# Current directory: C:/Users/ezzie/Desktop/final_presentation_repo/complete_system
# Command line: vivado.exe -gui_launcher_event rodinguilauncherevent10880 C:\Users\ezzie\Desktop\final_presentation_repo\complete_system\complete_system.xpr
# Log file: C:/Users/ezzie/Desktop/final_presentation_repo/complete_system/vivado.log
# Journal file: C:/Users/ezzie/Desktop/final_presentation_repo/complete_system\vivado.jou
#-----------------------------------------------------------
start_gui
open_project C:/Users/ezzie/Desktop/final_presentation_repo/complete_system/complete_system.xpr
update_compile_order -fileset sources_1
open_bd_design {C:/Users/ezzie/Desktop/final_presentation_repo/complete_system/complete_system.srcs/sources_1/bd/design_1/design_1.bd}
